Archive member included to satisfy reference by file (symbol)

/opt/st/stm32cubeide_1.10.1/plugins/com.st.stm32cube.ide.mcu.externaltools.gnu-tools-for-stm32.10.3-2021.10.linux64_1.0.0.202111181127/tools/bin/../lib/gcc/arm-none-eabi/10.3.1/../../../../arm-none-eabi/lib/thumb/v7e-m+fp/hard/libc_nano.a(lib_a-errno.o)
                              ./Core/Src/syscalls.o (__errno)
/opt/st/stm32cubeide_1.10.1/plugins/com.st.stm32cube.ide.mcu.externaltools.gnu-tools-for-stm32.10.3-2021.10.linux64_1.0.0.202111181127/tools/bin/../lib/gcc/arm-none-eabi/10.3.1/../../../../arm-none-eabi/lib/thumb/v7e-m+fp/hard/libc_nano.a(lib_a-exit.o)
                              /opt/st/stm32cubeide_1.10.1/plugins/com.st.stm32cube.ide.mcu.externaltools.gnu-tools-for-stm32.10.3-2021.10.linux64_1.0.0.202111181127/tools/bin/../lib/gcc/arm-none-eabi/10.3.1/../../../../arm-none-eabi/lib/thumb/v7e-m+fp/hard/crt0.o (exit)
/opt/st/stm32cubeide_1.10.1/plugins/com.st.stm32cube.ide.mcu.externaltools.gnu-tools-for-stm32.10.3-2021.10.linux64_1.0.0.202111181127/tools/bin/../lib/gcc/arm-none-eabi/10.3.1/../../../../arm-none-eabi/lib/thumb/v7e-m+fp/hard/libc_nano.a(lib_a-impure.o)
                              /opt/st/stm32cubeide_1.10.1/plugins/com.st.stm32cube.ide.mcu.externaltools.gnu-tools-for-stm32.10.3-2021.10.linux64_1.0.0.202111181127/tools/bin/../lib/gcc/arm-none-eabi/10.3.1/../../../../arm-none-eabi/lib/thumb/v7e-m+fp/hard/libc_nano.a(lib_a-exit.o) (_global_impure_ptr)
/opt/st/stm32cubeide_1.10.1/plugins/com.st.stm32cube.ide.mcu.externaltools.gnu-tools-for-stm32.10.3-2021.10.linux64_1.0.0.202111181127/tools/bin/../lib/gcc/arm-none-eabi/10.3.1/../../../../arm-none-eabi/lib/thumb/v7e-m+fp/hard/libc_nano.a(lib_a-init.o)
                              /opt/st/stm32cubeide_1.10.1/plugins/com.st.stm32cube.ide.mcu.externaltools.gnu-tools-for-stm32.10.3-2021.10.linux64_1.0.0.202111181127/tools/bin/../lib/gcc/arm-none-eabi/10.3.1/../../../../arm-none-eabi/lib/thumb/v7e-m+fp/hard/crt0.o (__libc_init_array)
/opt/st/stm32cubeide_1.10.1/plugins/com.st.stm32cube.ide.mcu.externaltools.gnu-tools-for-stm32.10.3-2021.10.linux64_1.0.0.202111181127/tools/bin/../lib/gcc/arm-none-eabi/10.3.1/../../../../arm-none-eabi/lib/thumb/v7e-m+fp/hard/libc_nano.a(lib_a-memset.o)
                              /opt/st/stm32cubeide_1.10.1/plugins/com.st.stm32cube.ide.mcu.externaltools.gnu-tools-for-stm32.10.3-2021.10.linux64_1.0.0.202111181127/tools/bin/../lib/gcc/arm-none-eabi/10.3.1/../../../../arm-none-eabi/lib/thumb/v7e-m+fp/hard/crt0.o (memset)

Discarded input sections

 .text          0x0000000000000000        0x0 /opt/st/stm32cubeide_1.10.1/plugins/com.st.stm32cube.ide.mcu.externaltools.gnu-tools-for-stm32.10.3-2021.10.linux64_1.0.0.202111181127/tools/bin/../lib/gcc/arm-none-eabi/10.3.1/thumb/v7e-m+fp/hard/crti.o
 .data          0x0000000000000000        0x0 /opt/st/stm32cubeide_1.10.1/plugins/com.st.stm32cube.ide.mcu.externaltools.gnu-tools-for-stm32.10.3-2021.10.linux64_1.0.0.202111181127/tools/bin/../lib/gcc/arm-none-eabi/10.3.1/thumb/v7e-m+fp/hard/crti.o
 .bss           0x0000000000000000        0x0 /opt/st/stm32cubeide_1.10.1/plugins/com.st.stm32cube.ide.mcu.externaltools.gnu-tools-for-stm32.10.3-2021.10.linux64_1.0.0.202111181127/tools/bin/../lib/gcc/arm-none-eabi/10.3.1/thumb/v7e-m+fp/hard/crti.o
 .data          0x0000000000000000        0x4 /opt/st/stm32cubeide_1.10.1/plugins/com.st.stm32cube.ide.mcu.externaltools.gnu-tools-for-stm32.10.3-2021.10.linux64_1.0.0.202111181127/tools/bin/../lib/gcc/arm-none-eabi/10.3.1/thumb/v7e-m+fp/hard/crtbegin.o
 .rodata        0x0000000000000000       0x24 /opt/st/stm32cubeide_1.10.1/plugins/com.st.stm32cube.ide.mcu.externaltools.gnu-tools-for-stm32.10.3-2021.10.linux64_1.0.0.202111181127/tools/bin/../lib/gcc/arm-none-eabi/10.3.1/thumb/v7e-m+fp/hard/crtbegin.o
 .text          0x0000000000000000       0x7c /opt/st/stm32cubeide_1.10.1/plugins/com.st.stm32cube.ide.mcu.externaltools.gnu-tools-for-stm32.10.3-2021.10.linux64_1.0.0.202111181127/tools/bin/../lib/gcc/arm-none-eabi/10.3.1/../../../../arm-none-eabi/lib/thumb/v7e-m+fp/hard/crt0.o
 .data          0x0000000000000000        0x0 /opt/st/stm32cubeide_1.10.1/plugins/com.st.stm32cube.ide.mcu.externaltools.gnu-tools-for-stm32.10.3-2021.10.linux64_1.0.0.202111181127/tools/bin/../lib/gcc/arm-none-eabi/10.3.1/../../../../arm-none-eabi/lib/thumb/v7e-m+fp/hard/crt0.o
 .bss           0x0000000000000000        0x0 /opt/st/stm32cubeide_1.10.1/plugins/com.st.stm32cube.ide.mcu.externaltools.gnu-tools-for-stm32.10.3-2021.10.linux64_1.0.0.202111181127/tools/bin/../lib/gcc/arm-none-eabi/10.3.1/../../../../arm-none-eabi/lib/thumb/v7e-m+fp/hard/crt0.o
 .ARM.extab     0x0000000000000000        0x0 /opt/st/stm32cubeide_1.10.1/plugins/com.st.stm32cube.ide.mcu.externaltools.gnu-tools-for-stm32.10.3-2021.10.linux64_1.0.0.202111181127/tools/bin/../lib/gcc/arm-none-eabi/10.3.1/../../../../arm-none-eabi/lib/thumb/v7e-m+fp/hard/crt0.o
[...]
Memory Configuration

Name             Origin             Length             Attributes
CCMRAM           0x0000000010000000 0x0000000000002000 xrw
RAM              0x0000000020000000 0x000000000000a000 xrw
FLASH            0x0000000008000000 0x0000000000040000 xr
*default*        0x0000000000000000 0xffffffffffffffff

Linker script and memory map

LOAD /opt/st/stm32cubeide_1.10.1/plugins/com.st.stm32cube.ide.mcu.externaltools.gnu-tools-for-stm32.10.3-2021.10.linux64_1.0.0.202111181127/tools/bin/../lib/gcc/arm-none-eabi/10.3.1/thumb/v7e-m+fp/hard/crti.o
LOAD /opt/st/stm32cubeide_1.10.1/plugins/com.st.stm32cube.ide.mcu.externaltools.gnu-tools-for-stm32.10.3-2021.10.linux64_1.0.0.202111181127/tools/bin/../lib/gcc/arm-none-eabi/10.3.1/thumb/v7e-m+fp/hard/crtbegin.o
LOAD /opt/st/stm32cubeide_1.10.1/plugins/com.st.stm32cube.ide.mcu.externaltools.gnu-tools-for-stm32.10.3-2021.10.linux64_1.0.0.202111181127/tools/bin/../lib/gcc/arm-none-eabi/10.3.1/../../../../arm-none-eabi/lib/thumb/v7e-m+fp/hard/crt0.o
LOAD ./Core/Src/fatfs_sd.o
LOAD ./Core/Src/main.o
LOAD ./Core/Src/stm32f3xx_hal_msp.o
LOAD ./Core/Src/stm32f3xx_it.o
LOAD ./Core/Src/syscalls.o
LOAD ./Core/Src/sysmem.o
LOAD ./Core/Src/system_stm32f3xx.o
LOAD ./Core/Startup/startup_stm32f303vctx.o
LOAD ./Drivers/STM32F3xx_HAL_Driver/Src/stm32f3xx_hal.o
LOAD ./Drivers/STM32F3xx_HAL_Driver/Src/stm32f3xx_hal_cortex.o
LOAD ./Drivers/STM32F3xx_HAL_Driver/Src/stm32f3xx_hal_dma.o
LOAD ./Drivers/STM32F3xx_HAL_Driver/Src/stm32f3xx_hal_exti.o
LOAD ./Drivers/STM32F3xx_HAL_Driver/Src/stm32f3xx_hal_flash.o
LOAD ./Drivers/STM32F3xx_HAL_Driver/Src/stm32f3xx_hal_flash_ex.o
LOAD ./Drivers/STM32F3xx_HAL_Driver/Src/stm32f3xx_hal_gpio.o
LOAD ./Drivers/STM32F3xx_HAL_Driver/Src/stm32f3xx_hal_i2c.o
LOAD ./Drivers/STM32F3xx_HAL_Driver/Src/stm32f3xx_hal_i2c_ex.o
LOAD ./Drivers/STM32F3xx_HAL_Driver/Src/stm32f3xx_hal_pwr.o
LOAD ./Drivers/STM32F3xx_HAL_Driver/Src/stm32f3xx_hal_pwr_ex.o
LOAD ./Drivers/STM32F3xx_HAL_Driver/Src/stm32f3xx_hal_rcc.o
LOAD ./Drivers/STM32F3xx_HAL_Driver/Src/stm32f3xx_hal_rcc_ex.o
LOAD ./Drivers/STM32F3xx_HAL_Driver/Src/stm32f3xx_hal_spi.o
LOAD ./Drivers/STM32F3xx_HAL_Driver/Src/stm32f3xx_hal_spi_ex.o
LOAD ./Drivers/STM32F3xx_HAL_Driver/Src/stm32f3xx_hal_tim.o
LOAD ./Drivers/STM32F3xx_HAL_Driver/Src/stm32f3xx_hal_tim_ex.o
LOAD ./Drivers/STM32F3xx_HAL_Driver/Src/stm32f3xx_hal_uart.o
LOAD ./Drivers/STM32F3xx_HAL_Driver/Src/stm32f3xx_hal_uart_ex.o
LOAD ./FATFS/App/fatfs.o
LOAD ./FATFS/Target/user_diskio.o
LOAD ./Middlewares/Third_Party/FatFs/src/diskio.o
LOAD ./Middlewares/Third_Party/FatFs/src/ff.o
LOAD ./Middlewares/Third_Party/FatFs/src/ff_gen_drv.o
LOAD ./Middlewares/Third_Party/FatFs/src/option/ccsbcs.o
LOAD ./Middlewares/Third_Party/FatFs/src/option/syscall.o
START GROUP
LOAD /opt/st/stm32cubeide_1.10.1/plugins/com.st.stm32cube.ide.mcu.externaltools.gnu-tools-for-stm32.10.3-2021.10.linux64_1.0.0.202111181127/tools/bin/../lib/gcc/arm-none-eabi/10.3.1/../../../../arm-none-eabi/lib/thumb/v7e-m+fp/hard/libstdc++_nano.a
LOAD /opt/st/stm32cubeide_1.10.1/plugins/com.st.stm32cube.ide.mcu.externaltools.gnu-tools-for-stm32.10.3-2021.10.linux64_1.0.0.202111181127/tools/bin/../lib/gcc/arm-none-eabi/10.3.1/../../../../arm-none-eabi/lib/thumb/v7e-m+fp/hard/libsupc++_nano.a
END GROUP
LOAD /opt/st/stm32cubeide_1.10.1/plugins/com.st.stm32cube.ide.mcu.externaltools.gnu-tools-for-stm32.10.3-2021.10.linux64_1.0.0.202111181127/tools/bin/../lib/gcc/arm-none-eabi/10.3.1/../../../../arm-none-eabi/lib/thumb/v7e-m+fp/hard/libstdc++_nano.a
LOAD /opt/st/stm32cubeide_1.10.1/plugins/com.st.stm32cube.ide.mcu.externaltools.gnu-tools-for-stm32.10.3-2021.10.linux64_1.0.0.202111181127/tools/bin/../lib/gcc/arm-none-eabi/10.3.1/../../../../arm-none-eabi/lib/thumb/v7e-m+fp/hard/libm.a
LOAD /opt/st/stm32cubeide_1.10.1/plugins/com.st.stm32cube.ide.mcu.externaltools.gnu-tools-for-stm32.10.3-2021.10.linux64_1.0.0.202111181127/tools/bin/../lib/gcc/arm-none-eabi/10.3.1/../../../../arm-none-eabi/lib/thumb/v7e-m+fp/hard/libc_nano.a
START GROUP
LOAD /opt/st/stm32cubeide_1.10.1/plugins/com.st.stm32cube.ide.mcu.externaltools.gnu-tools-for-stm32.10.3-2021.10.linux64_1.0.0.202111181127/tools/bin/../lib/gcc/arm-none-eabi/10.3.1/thumb/v7e-m+fp/hard/libgcc.a
LOAD /opt/st/stm32cubeide_1.10.1/plugins/com.st.stm32cube.ide.mcu.externaltools.gnu-tools-for-stm32.10.3-2021.10.linux64_1.0.0.202111181127/tools/bin/../lib/gcc/arm-none-eabi/10.3.1/../../../../arm-none-eabi/lib/thumb/v7e-m+fp/hard/libc_nano.a
END GROUP
START GROUP
LOAD /opt/st/stm32cubeide_1.10.1/plugins/com.st.stm32cube.ide.mcu.externaltools.gnu-tools-for-stm32.10.3-2021.10.linux64_1.0.0.202111181127/tools/bin/../lib/gcc/arm-none-eabi/10.3.1/thumb/v7e-m+fp/hard/libgcc.a
LOAD /opt/st/stm32cubeide_1.10.1/plugins/com.st.stm32cube.ide.mcu.externaltools.gnu-tools-for-stm32.10.3-2021.10.linux64_1.0.0.202111181127/tools/bin/../lib/gcc/arm-none-eabi/10.3.1/../../../../arm-none-eabi/lib/thumb/v7e-m+fp/hard/libc_nano.a
END GROUP
LOAD /opt/st/stm32cubeide_1.10.1/plugins/com.st.stm32cube.ide.mcu.externaltools.gnu-tools-for-stm32.10.3-2021.10.linux64_1.0.0.202111181127/tools/bin/../lib/gcc/arm-none-eabi/10.3.1/thumb/v7e-m+fp/hard/crtend.o
LOAD /opt/st/stm32cubeide_1.10.1/plugins/com.st.stm32cube.ide.mcu.externaltools.gnu-tools-for-stm32.10.3-2021.10.linux64_1.0.0.202111181127/tools/bin/../lib/gcc/arm-none-eabi/10.3.1/thumb/v7e-m+fp/hard/crtn.o
                0x000000002000a000                _estack = (ORIGIN (RAM) + LENGTH (RAM))
                0x0000000000000200                _Min_Heap_Size = 0x200
                0x0000000000000400                _Min_Stack_Size = 0x400

.isr_vector     0x0000000008000000      0x188
                0x0000000008000000                . = ALIGN (0x4)
 *(.isr_vector)
 .isr_vector    0x0000000008000000      0x188 ./Core/Startup/startup_stm32f303vctx.o
                0x0000000008000000                g_pfnVectors
                0x0000000008000188                . = ALIGN (0x4)

.text           0x0000000008000188     0x4e34
                0x0000000008000188                . = ALIGN (0x4)
 *(.text)
 .text          0x0000000008000188       0x40 /opt/st/stm32cubeide_1.10.1/plugins/com.st.stm32cube.ide.mcu.externaltools.gnu-tools-for-stm32.10.3-2021.10.linux64_1.0.0.202111181127/tools/bin/../lib/gcc/arm-none-eabi/10.3.1/thumb/v7e-m+fp/hard/crtbegin.o
 *(.text*)
 .text.SELECT   0x00000000080001c8       0x1a ./Core/Src/fatfs_sd.o
 .text.DESELECT
                0x00000000080001e2       0x1a ./Core/Src/fatfs_sd.o
 .text.SPI_TxByte
                0x00000000080001fc       0x34 ./Core/Src/fatfs_sd.o
 .text.SPI_TxBuffer
                0x0000000008000230       0x34 ./Core/Src/fatfs_sd.o
 .text.SPI_RxByte
                0x0000000008000264       0x38 ./Core/Src/fatfs_sd.o
 .text.SPI_RxBytePtr
                0x000000000800029c       0x1c ./Core/Src/fatfs_sd.o
 .text.SD_ReadyWait
                0x00000000080002b8       0x34 ./Core/Src/fatfs_sd.o
 .text.SD_PowerOn
                0x00000000080002ec       0x84 ./Core/Src/fatfs_sd.o
 .text.SD_PowerOff
                0x0000000008000370       0x18 ./Core/Src/fatfs_sd.o
 .text.SD_CheckPower
                0x0000000008000388       0x18 ./Core/Src/fatfs_sd.o
 .text.SD_RxDataBlock
                0x00000000080003a0       0x60 ./Core/Src/fatfs_sd.o
 .text.SD_TxDataBlock
                0x0000000008000400       0x86 ./Core/Src/fatfs_sd.o
 .text.SD_SendCmd
                0x0000000008000486       0xa8 ./Core/Src/fatfs_sd.o
 *fill*         0x000000000800052e        0x2 
 .text.SD_disk_initialize
                0x0000000008000530      0x1d8 ./Core/Src/fatfs_sd.o
                0x0000000008000530                SD_disk_initialize
 .text.SD_disk_status
                0x0000000008000708       0x2c ./Core/Src/fatfs_sd.o
                0x0000000008000708                SD_disk_status
 .text.SD_disk_read
                0x0000000008000734       0xd4 ./Core/Src/fatfs_sd.o
                0x0000000008000734                SD_disk_read
 .text.SD_disk_write
                0x0000000008000808      0x108 ./Core/Src/fatfs_sd.o
                0x0000000008000808                SD_disk_write
 .text.SD_disk_ioctl
                0x0000000008000910      0x258 ./Core/Src/fatfs_sd.o
                0x0000000008000910                SD_disk_ioctl
 .text.main     0x0000000008000b68       0xe8 ./Core/Src/main.o
                0x0000000008000b68                main
 .text._Z18SystemClock_Configv
                0x0000000008000c50       0xd2 ./Core/Src/main.o
                0x0000000008000c50                SystemClock_Config()
 *fill*         0x0000000008000d22        0x2 
 .text._ZL12MX_SPI1_Initv
                0x0000000008000d24       0x84 ./Core/Src/main.o
 .text._ZL19MX_USART1_UART_Initv
                0x0000000008000da8       0x68 ./Core/Src/main.o
 .text._ZL12MX_GPIO_Initv
                0x0000000008000e10       0xdc ./Core/Src/main.o
 .text.Error_Handler
                0x0000000008000eec        0xa ./Core/Src/main.o
                0x0000000008000eec                Error_Handler
 *fill*         0x0000000008000ef6        0x2 
 .text.HAL_MspInit
                0x0000000008000ef8       0x48 ./Core/Src/stm32f3xx_hal_msp.o
                0x0000000008000ef8                HAL_MspInit
 .text.HAL_SPI_MspInit
                0x0000000008000f40       0x84 ./Core/Src/stm32f3xx_hal_msp.o
                0x0000000008000f40                HAL_SPI_MspInit
 .text.HAL_UART_MspInit
                0x0000000008000fc4       0x88 ./Core/Src/stm32f3xx_hal_msp.o
                0x0000000008000fc4                HAL_UART_MspInit
 .text.SDTimer_Handler
                0x000000000800104c       0x48 ./Core/Src/stm32f3xx_it.o
                0x000000000800104c                SDTimer_Handler
 .text.NMI_Handler
                0x0000000008001094        0x6 ./Core/Src/stm32f3xx_it.o
                0x0000000008001094                NMI_Handler
 .text.HardFault_Handler
                0x000000000800109a        0x6 ./Core/Src/stm32f3xx_it.o
                0x000000000800109a                HardFault_Handler
 .text.MemManage_Handler
                0x00000000080010a0        0x6 ./Core/Src/stm32f3xx_it.o
                0x00000000080010a0                MemManage_Handler
 .text.BusFault_Handler
                0x00000000080010a6        0x6 ./Core/Src/stm32f3xx_it.o
                0x00000000080010a6                BusFault_Handler
 .text.UsageFault_Handler
                0x00000000080010ac        0x6 ./Core/Src/stm32f3xx_it.o
                0x00000000080010ac                UsageFault_Handler
 .text.SVC_Handler
                0x00000000080010b2        0xe ./Core/Src/stm32f3xx_it.o
                0x00000000080010b2                SVC_Handler
 .text.DebugMon_Handler
                0x00000000080010c0        0xe ./Core/Src/stm32f3xx_it.o
                0x00000000080010c0                DebugMon_Handler
 .text.PendSV_Handler
                0x00000000080010ce        0xe ./Core/Src/stm32f3xx_it.o
                0x00000000080010ce                PendSV_Handler
 .text.SysTick_Handler
                0x00000000080010dc       0x34 ./Core/Src/stm32f3xx_it.o
                0x00000000080010dc                SysTick_Handler
 .text.SystemInit
                0x0000000008001110       0x24 ./Core/Src/system_stm32f3xx.o
                0x0000000008001110                SystemInit
 .text.Reset_Handler
                0x0000000008001134       0x50 ./Core/Startup/startup_stm32f303vctx.o
                0x0000000008001134                Reset_Handler
 .text.Default_Handler
                0x0000000008001184        0x2 ./Core/Startup/startup_stm32f303vctx.o
                0x0000000008001184                RTC_Alarm_IRQHandler
                0x0000000008001184                TIM8_TRG_COM_IRQHandler
                0x0000000008001184                TIM8_CC_IRQHandler
                0x0000000008001184                TIM1_CC_IRQHandler
                0x0000000008001184                USB_HP_IRQHandler
                0x0000000008001184                PVD_IRQHandler
                0x0000000008001184                TAMP_STAMP_IRQHandler
                0x0000000008001184                EXTI3_IRQHandler
                0x0000000008001184                USB_HP_CAN_TX_IRQHandler
                0x0000000008001184                EXTI0_IRQHandler
                0x0000000008001184                I2C2_EV_IRQHandler
                0x0000000008001184                FPU_IRQHandler
                0x0000000008001184                TIM1_UP_TIM16_IRQHandler
                0x0000000008001184                ADC1_2_IRQHandler
                0x0000000008001184                SPI1_IRQHandler
                0x0000000008001184                CAN_SCE_IRQHandler
                0x0000000008001184                TIM6_DAC_IRQHandler
                0x0000000008001184                TIM8_UP_IRQHandler
                0x0000000008001184                DMA2_Channel2_IRQHandler
                0x0000000008001184                DMA1_Channel4_IRQHandler
                0x0000000008001184                USART3_IRQHandler
                0x0000000008001184                DMA1_Channel7_IRQHandler
                0x0000000008001184                UART5_IRQHandler
                0x0000000008001184                ADC3_IRQHandler
                0x0000000008001184                TIM4_IRQHandler
                0x0000000008001184                CAN_RX1_IRQHandler
                0x0000000008001184                DMA2_Channel1_IRQHandler
                0x0000000008001184                I2C1_EV_IRQHandler
                0x0000000008001184                DMA1_Channel6_IRQHandler
                0x0000000008001184                UART4_IRQHandler
                0x0000000008001184                DMA2_Channel4_IRQHandler
                0x0000000008001184                TIM3_IRQHandler
                0x0000000008001184                RCC_IRQHandler
                0x0000000008001184                DMA1_Channel1_IRQHandler
                0x0000000008001184                Default_Handler
                0x0000000008001184                USBWakeUp_RMP_IRQHandler
                0x0000000008001184                EXTI15_10_IRQHandler
                0x0000000008001184                TIM7_IRQHandler
                0x0000000008001184                EXTI9_5_IRQHandler
                0x0000000008001184                RTC_WKUP_IRQHandler
                0x0000000008001184                SPI2_IRQHandler
                0x0000000008001184                USB_LP_CAN_RX0_IRQHandler
                0x0000000008001184                DMA2_Channel5_IRQHandler
                0x0000000008001184                DMA1_Channel5_IRQHandler
                0x0000000008001184                USB_LP_IRQHandler
                0x0000000008001184                EXTI4_IRQHandler
                0x0000000008001184                TIM1_TRG_COM_TIM17_IRQHandler
                0x0000000008001184                DMA1_Channel3_IRQHandler
                0x0000000008001184                ADC4_IRQHandler
                0x0000000008001184                WWDG_IRQHandler
                0x0000000008001184                TIM2_IRQHandler
                0x0000000008001184                COMP7_IRQHandler
                0x0000000008001184                COMP1_2_3_IRQHandler
                0x0000000008001184                EXTI1_IRQHandler
                0x0000000008001184                USART2_IRQHandler
                0x0000000008001184                COMP4_5_6_IRQHandler
                0x0000000008001184                I2C2_ER_IRQHandler
                0x0000000008001184                DMA1_Channel2_IRQHandler
                0x0000000008001184                TIM8_BRK_IRQHandler
                0x0000000008001184                FLASH_IRQHandler
                0x0000000008001184                USART1_IRQHandler
                0x0000000008001184                SPI3_IRQHandler
                0x0000000008001184                I2C1_ER_IRQHandler
                0x0000000008001184                USBWakeUp_IRQHandler
                0x0000000008001184                DMA2_Channel3_IRQHandler
                0x0000000008001184                EXTI2_TSC_IRQHandler
                0x0000000008001184                TIM1_BRK_TIM15_IRQHandler
 *fill*         0x0000000008001186        0x2 
 .text.HAL_Init
                0x0000000008001188       0x2c ./Drivers/STM32F3xx_HAL_Driver/Src/stm32f3xx_hal.o
                0x0000000008001188                HAL_Init
 .text.HAL_InitTick
                0x00000000080011b4       0x60 ./Drivers/STM32F3xx_HAL_Driver/Src/stm32f3xx_hal.o
                0x00000000080011b4                HAL_InitTick
 .text.HAL_IncTick
                0x0000000008001214       0x28 ./Drivers/STM32F3xx_HAL_Driver/Src/stm32f3xx_hal.o
                0x0000000008001214                HAL_IncTick
 .text.HAL_GetTick
                0x000000000800123c       0x18 ./Drivers/STM32F3xx_HAL_Driver/Src/stm32f3xx_hal.o
                0x000000000800123c                HAL_GetTick
 .text.HAL_Delay
                0x0000000008001254       0x48 ./Drivers/STM32F3xx_HAL_Driver/Src/stm32f3xx_hal.o
                0x0000000008001254                HAL_Delay
 .text.__NVIC_SetPriorityGrouping
                0x000000000800129c       0x48 ./Drivers/STM32F3xx_HAL_Driver/Src/stm32f3xx_hal_cortex.o
 .text.__NVIC_GetPriorityGrouping
                0x00000000080012e4       0x1c ./Drivers/STM32F3xx_HAL_Driver/Src/stm32f3xx_hal_cortex.o
 .text.__NVIC_SetPriority
                0x0000000008001300       0x54 ./Drivers/STM32F3xx_HAL_Driver/Src/stm32f3xx_hal_cortex.o
 .text.NVIC_EncodePriority
                0x0000000008001354       0x66 ./Drivers/STM32F3xx_HAL_Driver/Src/stm32f3xx_hal_cortex.o
 *fill*         0x00000000080013ba        0x2 
 .text.SysTick_Config
                0x00000000080013bc       0x44 ./Drivers/STM32F3xx_HAL_Driver/Src/stm32f3xx_hal_cortex.o
 .text.HAL_NVIC_SetPriorityGrouping
                0x0000000008001400       0x16 ./Drivers/STM32F3xx_HAL_Driver/Src/stm32f3xx_hal_cortex.o
                0x0000000008001400                HAL_NVIC_SetPriorityGrouping
 .text.HAL_NVIC_SetPriority
                0x0000000008001416       0x38 ./Drivers/STM32F3xx_HAL_Driver/Src/stm32f3xx_hal_cortex.o
                0x0000000008001416                HAL_NVIC_SetPriority
 .text.HAL_SYSTICK_Config
                0x000000000800144e       0x18 ./Drivers/STM32F3xx_HAL_Driver/Src/stm32f3xx_hal_cortex.o
                0x000000000800144e                HAL_SYSTICK_Config
 *fill*         0x0000000008001466        0x2 
 .text.HAL_GPIO_Init
                0x0000000008001468      0x2f4 ./Drivers/STM32F3xx_HAL_Driver/Src/stm32f3xx_hal_gpio.o
                0x0000000008001468                HAL_GPIO_Init
 .text.HAL_GPIO_WritePin
                0x000000000800175c       0x30 ./Drivers/STM32F3xx_HAL_Driver/Src/stm32f3xx_hal_gpio.o
                0x000000000800175c                HAL_GPIO_WritePin
 .text.HAL_GPIO_TogglePin
                0x000000000800178c       0x34 ./Drivers/STM32F3xx_HAL_Driver/Src/stm32f3xx_hal_gpio.o
                0x000000000800178c                HAL_GPIO_TogglePin
 .text.HAL_RCC_OscConfig
                0x00000000080017c0     0x107c ./Drivers/STM32F3xx_HAL_Driver/Src/stm32f3xx_hal_rcc.o
                0x00000000080017c0                HAL_RCC_OscConfig
 .text.HAL_RCC_ClockConfig
                0x000000000800283c      0x2f8 ./Drivers/STM32F3xx_HAL_Driver/Src/stm32f3xx_hal_rcc.o
                0x000000000800283c                HAL_RCC_ClockConfig
 .text.HAL_RCC_GetSysClockFreq
                0x0000000008002b34       0xd4 ./Drivers/STM32F3xx_HAL_Driver/Src/stm32f3xx_hal_rcc.o
                0x0000000008002b34                HAL_RCC_GetSysClockFreq
 .text.HAL_RCC_GetHCLKFreq
                0x0000000008002c08       0x18 ./Drivers/STM32F3xx_HAL_Driver/Src/stm32f3xx_hal_rcc.o
                0x0000000008002c08                HAL_RCC_GetHCLKFreq
 .text.HAL_RCC_GetPCLK1Freq
                0x0000000008002c20       0x44 ./Drivers/STM32F3xx_HAL_Driver/Src/stm32f3xx_hal_rcc.o
                0x0000000008002c20                HAL_RCC_GetPCLK1Freq
 .text.HAL_RCC_GetPCLK2Freq
                0x0000000008002c64       0x44 ./Drivers/STM32F3xx_HAL_Driver/Src/stm32f3xx_hal_rcc.o
                0x0000000008002c64                HAL_RCC_GetPCLK2Freq
 .text.HAL_RCCEx_PeriphCLKConfig
                0x0000000008002ca8      0x360 ./Drivers/STM32F3xx_HAL_Driver/Src/stm32f3xx_hal_rcc_ex.o
                0x0000000008002ca8                HAL_RCCEx_PeriphCLKConfig
 .text.HAL_SPI_Init
                0x0000000008003008      0x156 ./Drivers/STM32F3xx_HAL_Driver/Src/stm32f3xx_hal_spi.o
                0x0000000008003008                HAL_SPI_Init
 .text.HAL_SPI_Transmit
                0x000000000800315e      0x2dc ./Drivers/STM32F3xx_HAL_Driver/Src/stm32f3xx_hal_spi.o
                0x000000000800315e                HAL_SPI_Transmit
 .text.HAL_SPI_TransmitReceive
                0x000000000800343a      0x426 ./Drivers/STM32F3xx_HAL_Driver/Src/stm32f3xx_hal_spi.o
                0x000000000800343a                HAL_SPI_TransmitReceive
 .text.SPI_WaitFlagStateUntilTimeout
                0x0000000008003860      0x110 ./Drivers/STM32F3xx_HAL_Driver/Src/stm32f3xx_hal_spi.o
 .text.SPI_WaitFifoStateUntilTimeout
                0x0000000008003970      0x12c ./Drivers/STM32F3xx_HAL_Driver/Src/stm32f3xx_hal_spi.o
 .text.SPI_EndRxTxTransaction
                0x0000000008003a9c       0x8c ./Drivers/STM32F3xx_HAL_Driver/Src/stm32f3xx_hal_spi.o
 .text.HAL_UART_Init
                0x0000000008003b28       0x9c ./Drivers/STM32F3xx_HAL_Driver/Src/stm32f3xx_hal_uart.o
                0x0000000008003b28                HAL_UART_Init
 .text.UART_SetConfig
                0x0000000008003bc4      0x3ac ./Drivers/STM32F3xx_HAL_Driver/Src/stm32f3xx_hal_uart.o
                0x0000000008003bc4                UART_SetConfig
 .text.UART_AdvFeatureConfig
                0x0000000008003f70      0x144 ./Drivers/STM32F3xx_HAL_Driver/Src/stm32f3xx_hal_uart.o
                0x0000000008003f70                UART_AdvFeatureConfig
 .text.UART_CheckIdleState
                0x00000000080040b4       0x92 ./Drivers/STM32F3xx_HAL_Driver/Src/stm32f3xx_hal_uart.o
                0x00000000080040b4                UART_CheckIdleState
 .text.UART_WaitOnFlagUntilTimeout
                0x0000000008004146      0x188 ./Drivers/STM32F3xx_HAL_Driver/Src/stm32f3xx_hal_uart.o
                0x0000000008004146                UART_WaitOnFlagUntilTimeout
 *fill*         0x00000000080042ce        0x2 
 .text.MX_FATFS_Init
                0x00000000080042d0       0x24 ./FATFS/App/fatfs.o
                0x00000000080042d0                MX_FATFS_Init
 .text.USER_initialize
                0x00000000080042f4       0x1c ./FATFS/Target/user_diskio.o
                0x00000000080042f4                USER_initialize
 .text.USER_status
                0x0000000008004310       0x1c ./FATFS/Target/user_diskio.o
                0x0000000008004310                USER_status
 .text.USER_read
                0x000000000800432c       0x26 ./FATFS/Target/user_diskio.o
                0x000000000800432c                USER_read
 .text.USER_write
                0x0000000008004352       0x26 ./FATFS/Target/user_diskio.o
                0x0000000008004352                USER_write
 .text.USER_ioctl
                0x0000000008004378       0x26 ./FATFS/Target/user_diskio.o
                0x0000000008004378                USER_ioctl
 *fill*         0x000000000800439e        0x2 
 .text.disk_status
                0x00000000080043a0       0x34 ./Middlewares/Third_Party/FatFs/src/diskio.o
                0x00000000080043a0                disk_status
 .text.disk_initialize
                0x00000000080043d4       0x4c ./Middlewares/Third_Party/FatFs/src/diskio.o
                0x00000000080043d4                disk_initialize
 .text.disk_read
                0x0000000008004420       0x40 ./Middlewares/Third_Party/FatFs/src/diskio.o
                0x0000000008004420                disk_read
 .text.disk_write
                0x0000000008004460       0x40 ./Middlewares/Third_Party/FatFs/src/diskio.o
                0x0000000008004460                disk_write
 .text.disk_ioctl
                0x00000000080044a0       0x3c ./Middlewares/Third_Party/FatFs/src/diskio.o
                0x00000000080044a0                disk_ioctl
 .text.clear_lock
                0x00000000080044dc       0x54 ./Middlewares/Third_Party/FatFs/src/ff.o
 .text.sync_window
                0x0000000008004530       0xa4 ./Middlewares/Third_Party/FatFs/src/ff.o
 .text.move_window
                0x00000000080045d4       0x64 ./Middlewares/Third_Party/FatFs/src/ff.o
 .text.get_ldnumber
                0x0000000008004638       0x88 ./Middlewares/Third_Party/FatFs/src/ff.o
 .text.check_fs
                0x00000000080046c0       0xdc ./Middlewares/Third_Party/FatFs/src/ff.o
 .text.find_volume
                0x000000000800479c      0x664 ./Middlewares/Third_Party/FatFs/src/ff.o
 .text.f_mount  0x0000000008004e00       0x94 ./Middlewares/Third_Party/FatFs/src/ff.o
                0x0000000008004e00                f_mount
 .text.FATFS_LinkDriverEx
                0x0000000008004e94       0x98 ./Middlewares/Third_Party/FatFs/src/ff_gen_drv.o
                0x0000000008004e94                FATFS_LinkDriverEx
 .text.FATFS_LinkDriver
                0x0000000008004f2c       0x1e ./Middlewares/Third_Party/FatFs/src/ff_gen_drv.o
                0x0000000008004f2c                FATFS_LinkDriver
 *fill*         0x0000000008004f4a        0x2 
 .text.__libc_init_array
                0x0000000008004f4c       0x48 /opt/st/stm32cubeide_1.10.1/plugins/com.st.stm32cube.ide.mcu.externaltools.gnu-tools-for-stm32.10.3-2021.10.linux64_1.0.0.202111181127/tools/bin/../lib/gcc/arm-none-eabi/10.3.1/../../../../arm-none-eabi/lib/thumb/v7e-m+fp/hard/libc_nano.a(lib_a-init.o)
                0x0000000008004f4c                __libc_init_array
 .text.memset   0x0000000008004f94       0x10 /opt/st/stm32cubeide_1.10.1/plugins/com.st.stm32cube.ide.mcu.externaltools.gnu-tools-for-stm32.10.3-2021.10.linux64_1.0.0.202111181127/tools/bin/../lib/gcc/arm-none-eabi/10.3.1/../../../../arm-none-eabi/lib/thumb/v7e-m+fp/hard/libc_nano.a(lib_a-memset.o)
                0x0000000008004f94                memset
 *(.glue_7)
 .glue_7        0x0000000008004fa4        0x0 linker stubs
 *(.glue_7t)
 .glue_7t       0x0000000008004fa4        0x0 linker stubs
 *(.eh_frame)
 .eh_frame      0x0000000008004fa4        0x0 /opt/st/stm32cubeide_1.10.1/plugins/com.st.stm32cube.ide.mcu.externaltools.gnu-tools-for-stm32.10.3-2021.10.linux64_1.0.0.202111181127/tools/bin/../lib/gcc/arm-none-eabi/10.3.1/thumb/v7e-m+fp/hard/crtbegin.o
 *(.init)
 .init          0x0000000008004fa4        0x4 /opt/st/stm32cubeide_1.10.1/plugins/com.st.stm32cube.ide.mcu.externaltools.gnu-tools-for-stm32.10.3-2021.10.linux64_1.0.0.202111181127/tools/bin/../lib/gcc/arm-none-eabi/10.3.1/thumb/v7e-m+fp/hard/crti.o
                0x0000000008004fa4                _init
 .init          0x0000000008004fa8        0x8 /opt/st/stm32cubeide_1.10.1/plugins/com.st.stm32cube.ide.mcu.externaltools.gnu-tools-for-stm32.10.3-2021.10.linux64_1.0.0.202111181127/tools/bin/../lib/gcc/arm-none-eabi/10.3.1/thumb/v7e-m+fp/hard/crtn.o
 *(.fini)
 .fini          0x0000000008004fb0        0x4 /opt/st/stm32cubeide_1.10.1/plugins/com.st.stm32cube.ide.mcu.externaltools.gnu-tools-for-stm32.10.3-2021.10.linux64_1.0.0.202111181127/tools/bin/../lib/gcc/arm-none-eabi/10.3.1/thumb/v7e-m+fp/hard/crti.o
                0x0000000008004fb0                _fini
 .fini          0x0000000008004fb4        0x8 /opt/st/stm32cubeide_1.10.1/plugins/com.st.stm32cube.ide.mcu.externaltools.gnu-tools-for-stm32.10.3-2021.10.linux64_1.0.0.202111181127/tools/bin/../lib/gcc/arm-none-eabi/10.3.1/thumb/v7e-m+fp/hard/crtn.o
                0x0000000008004fbc                . = ALIGN (0x4)
                0x0000000008004fbc                _etext = .

.vfp11_veneer   0x0000000008004fbc        0x0
 .vfp11_veneer  0x0000000008004fbc        0x0 linker stubs

.v4_bx          0x0000000008004fbc        0x0
 .v4_bx         0x0000000008004fbc        0x0 linker stubs

.iplt           0x0000000008004fbc        0x0
 .iplt          0x0000000008004fbc        0x0 /opt/st/stm32cubeide_1.10.1/plugins/com.st.stm32cube.ide.mcu.externaltools.gnu-tools-for-stm32.10.3-2021.10.linux64_1.0.0.202111181127/tools/bin/../lib/gcc/arm-none-eabi/10.3.1/thumb/v7e-m+fp/hard/crtbegin.o

.rodata         0x0000000008004fbc       0x3c
                0x0000000008004fbc                . = ALIGN (0x4)
 *(.rodata)
 .rodata        0x0000000008004fbc        0x2 ./Core/Src/main.o
 *(.rodata*)
 *fill*         0x0000000008004fbe        0x2 
 .rodata.AHBPrescTable
                0x0000000008004fc0       0x10 ./Core/Src/system_stm32f3xx.o
                0x0000000008004fc0                AHBPrescTable
 .rodata.APBPrescTable
                0x0000000008004fd0        0x8 ./Core/Src/system_stm32f3xx.o
                0x0000000008004fd0                APBPrescTable
 .rodata.aPLLMULFactorTable
                0x0000000008004fd8       0x10 ./Drivers/STM32F3xx_HAL_Driver/Src/stm32f3xx_hal_rcc.o
                0x0000000008004fd8                aPLLMULFactorTable
 .rodata.aPredivFactorTable
                0x0000000008004fe8       0x10 ./Drivers/STM32F3xx_HAL_Driver/Src/stm32f3xx_hal_rcc.o
                0x0000000008004fe8                aPredivFactorTable
                0x0000000008004ff8                . = ALIGN (0x4)

.rel.dyn        0x0000000008004ff8        0x0
 .rel.iplt      0x0000000008004ff8        0x0 /opt/st/stm32cubeide_1.10.1/plugins/com.st.stm32cube.ide.mcu.externaltools.gnu-tools-for-stm32.10.3-2021.10.linux64_1.0.0.202111181127/tools/bin/../lib/gcc/arm-none-eabi/10.3.1/thumb/v7e-m+fp/hard/crtbegin.o

.ARM.extab      0x0000000008004ff8        0x0
                0x0000000008004ff8                . = ALIGN (0x4)
 *(.ARM.extab* .gnu.linkonce.armextab.*)
                0x0000000008004ff8                . = ALIGN (0x4)

.ARM            0x0000000008004ff8        0x0
                0x0000000008004ff8                . = ALIGN (0x4)
                0x0000000008004ff8                __exidx_start = .
 *(.ARM.exidx*)
                0x0000000008004ff8                __exidx_end = .
                0x0000000008004ff8                . = ALIGN (0x4)

.preinit_array  0x0000000008004ff8        0x0
                0x0000000008004ff8                . = ALIGN (0x4)
                0x0000000008004ff8                PROVIDE (__preinit_array_start = .)
 *(.preinit_array*)
                0x0000000008004ff8                PROVIDE (__preinit_array_end = .)
                0x0000000008004ff8                . = ALIGN (0x4)

.init_array     0x0000000008004ff8        0x4
                0x0000000008004ff8                . = ALIGN (0x4)
                0x0000000008004ff8                PROVIDE (__init_array_start = .)
 *(SORT_BY_NAME(.init_array.*))
 *(.init_array*)
 .init_array    0x0000000008004ff8        0x4 /opt/st/stm32cubeide_1.10.1/plugins/com.st.stm32cube.ide.mcu.externaltools.gnu-tools-for-stm32.10.3-2021.10.linux64_1.0.0.202111181127/tools/bin/../lib/gcc/arm-none-eabi/10.3.1/thumb/v7e-m+fp/hard/crtbegin.o
                0x0000000008004ffc                PROVIDE (__init_array_end = .)
                0x0000000008004ffc                . = ALIGN (0x4)

.fini_array     0x0000000008004ffc        0x4
                0x0000000008004ffc                . = ALIGN (0x4)
                [!provide]                        PROVIDE (__fini_array_start = .)
 *(SORT_BY_NAME(.fini_array.*))
 *(.fini_array*)
 .fini_array    0x0000000008004ffc        0x4 /opt/st/stm32cubeide_1.10.1/plugins/com.st.stm32cube.ide.mcu.externaltools.gnu-tools-for-stm32.10.3-2021.10.linux64_1.0.0.202111181127/tools/bin/../lib/gcc/arm-none-eabi/10.3.1/thumb/v7e-m+fp/hard/crtbegin.o
                [!provide]                        PROVIDE (__fini_array_end = .)
                0x0000000008005000                . = ALIGN (0x4)
                0x0000000008005000                _sidata = LOADADDR (.data)

.data           0x0000000020000000       0x24 load address 0x0000000008005000
                0x0000000020000000                . = ALIGN (0x4)
                0x0000000020000000                _sdata = .
 *(.data)
 *(.data*)
 .data.Stat     0x0000000020000000        0x1 ./Core/Src/fatfs_sd.o
 *fill*         0x0000000020000001        0x3 
 .data.SystemCoreClock
                0x0000000020000004        0x4 ./Core/Src/system_stm32f3xx.o
                0x0000000020000004                SystemCoreClock
 .data.uwTickPrio
                0x0000000020000008        0x4 ./Drivers/STM32F3xx_HAL_Driver/Src/stm32f3xx_hal.o
                0x0000000020000008                uwTickPrio
 .data.uwTickFreq
                0x000000002000000c        0x1 ./Drivers/STM32F3xx_HAL_Driver/Src/stm32f3xx_hal.o
                0x000000002000000c                uwTickFreq
 *fill*         0x000000002000000d        0x3 
 .data.USER_Driver
                0x0000000020000010       0x14 ./FATFS/Target/user_diskio.o
                0x0000000020000010                USER_Driver
 *(.RamFunc)
 *(.RamFunc*)
                0x0000000020000024                . = ALIGN (0x4)
                0x0000000020000024                _edata = .
                0x0000000008005024                _siccmram = LOADADDR (.ccmram)

.igot.plt       0x0000000020000024        0x0 load address 0x0000000008005024
 .igot.plt      0x0000000020000024        0x0 /opt/st/stm32cubeide_1.10.1/plugins/com.st.stm32cube.ide.mcu.externaltools.gnu-tools-for-stm32.10.3-2021.10.linux64_1.0.0.202111181127/tools/bin/../lib/gcc/arm-none-eabi/10.3.1/thumb/v7e-m+fp/hard/crtbegin.o

.ccmram         0x0000000010000000        0x0 load address 0x0000000008005024
                0x0000000010000000                . = ALIGN (0x4)
                0x0000000010000000                _sccmram = .
 *(.ccmram)
 *(.ccmram*)
                0x0000000010000000                . = ALIGN (0x4)
                0x0000000010000000                _eccmram = .
                0x0000000010000000                . = ALIGN (0x4)

.bss            0x0000000020000024      0x148
                0x0000000020000024                _sbss = .
                0x0000000020000024                __bss_start__ = _sbss
 *(.bss)
 .bss           0x0000000020000024       0x1c /opt/st/stm32cubeide_1.10.1/plugins/com.st.stm32cube.ide.mcu.externaltools.gnu-tools-for-stm32.10.3-2021.10.linux64_1.0.0.202111181127/tools/bin/../lib/gcc/arm-none-eabi/10.3.1/thumb/v7e-m+fp/hard/crtbegin.o
 *(.bss*)
 .bss.CardType  0x0000000020000040        0x1 ./Core/Src/fatfs_sd.o
 .bss.PowerFlag
                0x0000000020000041        0x1 ./Core/Src/fatfs_sd.o
 *fill*         0x0000000020000042        0x2 
 .bss.hspi1     0x0000000020000044       0x64 ./Core/Src/main.o
                0x0000000020000044                hspi1
 .bss.huart1    0x00000000200000a8       0x84 ./Core/Src/main.o
                0x00000000200000a8                huart1
 .bss.FatFsCnt  0x000000002000012c        0x1 ./Core/Src/stm32f3xx_it.o
                0x000000002000012c                FatFsCnt
 *fill*         0x000000002000012d        0x1 
 .bss.Timer1    0x000000002000012e        0x2 ./Core/Src/stm32f3xx_it.o
                0x000000002000012e                Timer1
 .bss.Timer2    0x0000000020000130        0x2 ./Core/Src/stm32f3xx_it.o
                0x0000000020000130                Timer2
 *fill*         0x0000000020000132        0x2 
 .bss.uwTick    0x0000000020000134        0x4 ./Drivers/STM32F3xx_HAL_Driver/Src/stm32f3xx_hal.o
                0x0000000020000134                uwTick
 .bss.retUSER   0x0000000020000138        0x1 ./FATFS/App/fatfs.o
                0x0000000020000138                retUSER
 *fill*         0x0000000020000139        0x3 
 .bss.USERPath  0x000000002000013c        0x4 ./FATFS/App/fatfs.o
                0x000000002000013c                USERPath
 .bss.FatFs     0x0000000020000140        0x4 ./Middlewares/Third_Party/FatFs/src/ff.o
 .bss.Fsid      0x0000000020000144        0x2 ./Middlewares/Third_Party/FatFs/src/ff.o
 *fill*         0x0000000020000146        0x2 
 .bss.Files     0x0000000020000148       0x18 ./Middlewares/Third_Party/FatFs/src/ff.o
 .bss.disk      0x0000000020000160        0xc ./Middlewares/Third_Party/FatFs/src/ff_gen_drv.o
                0x0000000020000160                disk
 *(COMMON)
                0x000000002000016c                . = ALIGN (0x4)
                0x000000002000016c                _ebss = .
                0x000000002000016c                __bss_end__ = _ebss

._user_heap_stack
                0x000000002000016c      0x604
                0x0000000020000170                . = ALIGN (0x8)
 *fill*         0x000000002000016c        0x4 
                [!provide]                        PROVIDE (end = .)
                0x0000000020000170                PROVIDE (_end = .)
                0x0000000020000370                . = (. + _Min_Heap_Size)
 *fill*         0x0000000020000170      0x200 
                0x0000000020000770                . = (. + _Min_Stack_Size)
 *fill*         0x0000000020000370      0x400 
                0x0000000020000770                . = ALIGN (0x8)

/DISCARD/
 libc.a(*)
 libm.a(*)
 libgcc.a(*)

.ARM.attributes
                0x0000000000000000       0x30
 *(.ARM.attributes)
 .ARM.attributes
                0x0000000000000000       0x1e /opt/st/stm32cubeide_1.10.1/plugins/com.st.stm32cube.ide.mcu.externaltools.gnu-tools-for-stm32.10.3-2021.10.linux64_1.0.0.202111181127/tools/bin/../lib/gcc/arm-none-eabi/10.3.1/thumb/v7e-m+fp/hard/crti.o
 .ARM.attributes
                0x000000000000001e       0x34 /opt/st/stm32cubeide_1.10.1/plugins/com.st.stm32cube.ide.mcu.externaltools.gnu-tools-for-stm32.10.3-2021.10.linux64_1.0.0.202111181127/tools/bin/../lib/gcc/arm-none-eabi/10.3.1/thumb/v7e-m+fp/hard/crtbegin.o
 .ARM.attributes
                0x0000000000000052       0x34 ./Core/Src/fatfs_sd.o
 .ARM.attributes
                0x0000000000000086       0x34 ./Core/Src/main.o
 .ARM.attributes
                0x00000000000000ba       0x34 ./Core/Src/stm32f3xx_hal_msp.o
 .ARM.attributes
                0x00000000000000ee       0x34 ./Core/Src/stm32f3xx_it.o
 .ARM.attributes
                0x0000000000000122       0x34 ./Core/Src/system_stm32f3xx.o
 .ARM.attributes
                0x0000000000000156       0x21 ./Core/Startup/startup_stm32f303vctx.o
 .ARM.attributes
                0x0000000000000177       0x34 ./Drivers/STM32F3xx_HAL_Driver/Src/stm32f3xx_hal.o
 .ARM.attributes
                0x00000000000001ab       0x34 ./Drivers/STM32F3xx_HAL_Driver/Src/stm32f3xx_hal_cortex.o
 .ARM.attributes
                0x00000000000001df       0x34 ./Drivers/STM32F3xx_HAL_Driver/Src/stm32f3xx_hal_gpio.o
 .ARM.attributes
                0x0000000000000213       0x34 ./Drivers/STM32F3xx_HAL_Driver/Src/stm32f3xx_hal_rcc.o
 .ARM.attributes
                0x0000000000000247       0x34 ./Drivers/STM32F3xx_HAL_Driver/Src/stm32f3xx_hal_rcc_ex.o
 .ARM.attributes
                0x000000000000027b       0x34 ./Drivers/STM32F3xx_HAL_Driver/Src/stm32f3xx_hal_spi.o
 .ARM.attributes
                0x00000000000002af       0x34 ./Drivers/STM32F3xx_HAL_Driver/Src/stm32f3xx_hal_uart.o
 .ARM.attributes
                0x00000000000002e3       0x34 ./FATFS/App/fatfs.o
 .ARM.attributes
                0x0000000000000317       0x34 ./FATFS/Target/user_diskio.o
 .ARM.attributes
                0x000000000000034b       0x34 ./Middlewares/Third_Party/FatFs/src/diskio.o
 .ARM.attributes
                0x000000000000037f       0x34 ./Middlewares/Third_Party/FatFs/src/ff.o
 .ARM.attributes
                0x00000000000003b3       0x34 ./Middlewares/Third_Party/FatFs/src/ff_gen_drv.o
 .ARM.attributes
                0x00000000000003e7       0x34 /opt/st/stm32cubeide_1.10.1/plugins/com.st.stm32cube.ide.mcu.externaltools.gnu-tools-for-stm32.10.3-2021.10.linux64_1.0.0.202111181127/tools/bin/../lib/gcc/arm-none-eabi/10.3.1/../../../../arm-none-eabi/lib/thumb/v7e-m+fp/hard/libc_nano.a(lib_a-init.o)
 .ARM.attributes
                0x000000000000041b       0x34 /opt/st/stm32cubeide_1.10.1/plugins/com.st.stm32cube.ide.mcu.externaltools.gnu-tools-for-stm32.10.3-2021.10.linux64_1.0.0.202111181127/tools/bin/../lib/gcc/arm-none-eabi/10.3.1/../../../../arm-none-eabi/lib/thumb/v7e-m+fp/hard/libc_nano.a(lib_a-memset.o)
 .ARM.attributes
                0x000000000000044f       0x1e /opt/st/stm32cubeide_1.10.1/plugins/com.st.stm32cube.ide.mcu.externaltools.gnu-tools-for-stm32.10.3-2021.10.linux64_1.0.0.202111181127/tools/bin/../lib/gcc/arm-none-eabi/10.3.1/thumb/v7e-m+fp/hard/crtn.o
OUTPUT(sdCardNav_f303.elf elf32-littlearm)
LOAD linker stubs
LOAD /opt/st/stm32cubeide_1.10.1/plugins/com.st.stm32cube.ide.mcu.externaltools.gnu-tools-for-stm32.10.3-2021.10.linux64_1.0.0.202111181127/tools/bin/../lib/gcc/arm-none-eabi/10.3.1/../../../../arm-none-eabi/lib/thumb/v7e-m+fp/hard/libc.a
LOAD /opt/st/stm32cubeide_1.10.1/plugins/com.st.stm32cube.ide.mcu.externaltools.gnu-tools-for-stm32.10.3-2021.10.linux64_1.0.0.202111181127/tools/bin/../lib/gcc/arm-none-eabi/10.3.1/../../../../arm-none-eabi/lib/thumb/v7e-m+fp/hard/libm.a
LOAD /opt/st/stm32cubeide_1.10.1/plugins/com.st.stm32cube.ide.mcu.externaltools.gnu-tools-for-stm32.10.3-2021.10.linux64_1.0.0.202111181127/tools/bin/../lib/gcc/arm-none-eabi/10.3.1/thumb/v7e-m+fp/hard/libgcc.a

.debug_info     0x0000000000000000     0xf43f
 .debug_info    0x0000000000000000      0xcb9 ./Core/Src/fatfs_sd.o
 .debug_info    0x0000000000000cb9     0x1353 ./Core/Src/main.o
 .debug_info    0x000000000000200c      0xc6e ./Core/Src/stm32f3xx_hal_msp.o
 .debug_info    0x0000000000002c7a      0x1a4 ./Core/Src/stm32f3xx_it.o
 .debug_info    0x0000000000002e1e      0x416 ./Core/Src/system_stm32f3xx.o
 .debug_info    0x0000000000003234       0x22 ./Core/Startup/startup_stm32f303vctx.o
 .debug_info    0x0000000000003256      0x807 ./Drivers/STM32F3xx_HAL_Driver/Src/stm32f3xx_hal.o
 .debug_info    0x0000000000003a5d      0xd85 ./Drivers/STM32F3xx_HAL_Driver/Src/stm32f3xx_hal_cortex.o
 .debug_info    0x00000000000047e2      0x68a ./Drivers/STM32F3xx_HAL_Driver/Src/stm32f3xx_hal_gpio.o
 .debug_info    0x0000000000004e6c     0x1586 ./Drivers/STM32F3xx_HAL_Driver/Src/stm32f3xx_hal_rcc.o
 .debug_info    0x00000000000063f2      0x61d ./Drivers/STM32F3xx_HAL_Driver/Src/stm32f3xx_hal_rcc_ex.o
 .debug_info    0x0000000000006a0f     0x178c ./Drivers/STM32F3xx_HAL_Driver/Src/stm32f3xx_hal_spi.o
 .debug_info    0x000000000000819b     0x3ad3 ./Drivers/STM32F3xx_HAL_Driver/Src/stm32f3xx_hal_uart.o
 .debug_info    0x000000000000bc6e      0x52d ./FATFS/App/fatfs.o
 .debug_info    0x000000000000c19b      0x3d2 ./FATFS/Target/user_diskio.o
 .debug_info    0x000000000000c56d      0x40d ./Middlewares/Third_Party/FatFs/src/diskio.o
 .debug_info    0x000000000000c97a     0x2721 ./Middlewares/Third_Party/FatFs/src/ff.o
 .debug_info    0x000000000000f09b      0x3a4 ./Middlewares/Third_Party/FatFs/src/ff_gen_drv.o

.debug_abbrev   0x0000000000000000     0x22e8
 .debug_abbrev  0x0000000000000000      0x2c4 ./Core/Src/fatfs_sd.o
 .debug_abbrev  0x00000000000002c4      0x2e3 ./Core/Src/main.o
 .debug_abbrev  0x00000000000005a7      0x194 ./Core/Src/stm32f3xx_hal_msp.o
 .debug_abbrev  0x000000000000073b       0x9d ./Core/Src/stm32f3xx_it.o
 .debug_abbrev  0x00000000000007d8      0x116 ./Core/Src/system_stm32f3xx.o
 .debug_abbrev  0x00000000000008ee       0x12 ./Core/Startup/startup_stm32f303vctx.o
 .debug_abbrev  0x0000000000000900      0x20e ./Drivers/STM32F3xx_HAL_Driver/Src/stm32f3xx_hal.o
 .debug_abbrev  0x0000000000000b0e      0x316 ./Drivers/STM32F3xx_HAL_Driver/Src/stm32f3xx_hal_cortex.o
 .debug_abbrev  0x0000000000000e24      0x1bb ./Drivers/STM32F3xx_HAL_Driver/Src/stm32f3xx_hal_gpio.o
 .debug_abbrev  0x0000000000000fdf      0x30c ./Drivers/STM32F3xx_HAL_Driver/Src/stm32f3xx_hal_rcc.o
 .debug_abbrev  0x00000000000012eb      0x239 ./Drivers/STM32F3xx_HAL_Driver/Src/stm32f3xx_hal_rcc_ex.o
 .debug_abbrev  0x0000000000001524      0x254 ./Drivers/STM32F3xx_HAL_Driver/Src/stm32f3xx_hal_spi.o
 .debug_abbrev  0x0000000000001778      0x2bc ./Drivers/STM32F3xx_HAL_Driver/Src/stm32f3xx_hal_uart.o
 .debug_abbrev  0x0000000000001a34      0x19a ./FATFS/App/fatfs.o
 .debug_abbrev  0x0000000000001bce      0x13f ./FATFS/Target/user_diskio.o
 .debug_abbrev  0x0000000000001d0d      0x178 ./Middlewares/Third_Party/FatFs/src/diskio.o
 .debug_abbrev  0x0000000000001e85      0x2cd ./Middlewares/Third_Party/FatFs/src/ff.o
 .debug_abbrev  0x0000000000002152      0x196 ./Middlewares/Third_Party/FatFs/src/ff_gen_drv.o

.debug_aranges  0x0000000000000000      0xbf8
 .debug_aranges
                0x0000000000000000       0xa8 ./Core/Src/fatfs_sd.o
 .debug_aranges
                0x00000000000000a8       0x48 ./Core/Src/main.o
 .debug_aranges
                0x00000000000000f0       0x40 ./Core/Src/stm32f3xx_hal_msp.o
 .debug_aranges
                0x0000000000000130       0x68 ./Core/Src/stm32f3xx_it.o
 .debug_aranges
                0x0000000000000198       0x28 ./Core/Src/system_stm32f3xx.o
 .debug_aranges
                0x00000000000001c0       0x28 ./Core/Startup/startup_stm32f303vctx.o
 .debug_aranges
                0x00000000000001e8       0xe0 ./Drivers/STM32F3xx_HAL_Driver/Src/stm32f3xx_hal.o
 .debug_aranges
                0x00000000000002c8      0x118 ./Drivers/STM32F3xx_HAL_Driver/Src/stm32f3xx_hal_cortex.o
 .debug_aranges
                0x00000000000003e0       0x58 ./Drivers/STM32F3xx_HAL_Driver/Src/stm32f3xx_hal_gpio.o
 .debug_aranges
                0x0000000000000438       0x88 ./Drivers/STM32F3xx_HAL_Driver/Src/stm32f3xx_hal_rcc.o
 .debug_aranges
                0x00000000000004c0       0x38 ./Drivers/STM32F3xx_HAL_Driver/Src/stm32f3xx_hal_rcc_ex.o
 .debug_aranges
                0x00000000000004f8      0x1d8 ./Drivers/STM32F3xx_HAL_Driver/Src/stm32f3xx_hal_spi.o
 .debug_aranges
                0x00000000000006d0      0x228 ./Drivers/STM32F3xx_HAL_Driver/Src/stm32f3xx_hal_uart.o
 .debug_aranges
                0x00000000000008f8       0x28 ./FATFS/App/fatfs.o
 .debug_aranges
                0x0000000000000920       0x40 ./FATFS/Target/user_diskio.o
 .debug_aranges
                0x0000000000000960       0x48 ./Middlewares/Third_Party/FatFs/src/diskio.o
 .debug_aranges
                0x00000000000009a8      0x210 ./Middlewares/Third_Party/FatFs/src/ff.o
 .debug_aranges
                0x0000000000000bb8       0x40 ./Middlewares/Third_Party/FatFs/src/ff_gen_drv.o

.debug_ranges   0x0000000000000000      0xb10
 .debug_ranges  0x0000000000000000       0x98 ./Core/Src/fatfs_sd.o
 .debug_ranges  0x0000000000000098       0x38 ./Core/Src/main.o
 .debug_ranges  0x00000000000000d0       0x30 ./Core/Src/stm32f3xx_hal_msp.o
 .debug_ranges  0x0000000000000100       0x58 ./Core/Src/stm32f3xx_it.o
 .debug_ranges  0x0000000000000158       0x18 ./Core/Src/system_stm32f3xx.o
 .debug_ranges  0x0000000000000170       0x20 ./Core/Startup/startup_stm32f303vctx.o
 .debug_ranges  0x0000000000000190       0xd0 ./Drivers/STM32F3xx_HAL_Driver/Src/stm32f3xx_hal.o
 .debug_ranges  0x0000000000000260      0x108 ./Drivers/STM32F3xx_HAL_Driver/Src/stm32f3xx_hal_cortex.o
 .debug_ranges  0x0000000000000368       0x48 ./Drivers/STM32F3xx_HAL_Driver/Src/stm32f3xx_hal_gpio.o
 .debug_ranges  0x00000000000003b0       0x78 ./Drivers/STM32F3xx_HAL_Driver/Src/stm32f3xx_hal_rcc.o
 .debug_ranges  0x0000000000000428       0x28 ./Drivers/STM32F3xx_HAL_Driver/Src/stm32f3xx_hal_rcc_ex.o
 .debug_ranges  0x0000000000000450      0x1c8 ./Drivers/STM32F3xx_HAL_Driver/Src/stm32f3xx_hal_spi.o
 .debug_ranges  0x0000000000000618      0x248 ./Drivers/STM32F3xx_HAL_Driver/Src/stm32f3xx_hal_uart.o
 .debug_ranges  0x0000000000000860       0x18 ./FATFS/App/fatfs.o
 .debug_ranges  0x0000000000000878       0x30 ./FATFS/Target/user_diskio.o
 .debug_ranges  0x00000000000008a8       0x38 ./Middlewares/Third_Party/FatFs/src/diskio.o
 .debug_ranges  0x00000000000008e0      0x200 ./Middlewares/Third_Party/FatFs/src/ff.o
 .debug_ranges  0x0000000000000ae0       0x30 ./Middlewares/Third_Party/FatFs/src/ff_gen_drv.o

.debug_macro    0x0000000000000000    0x1f883
 .debug_macro   0x0000000000000000      0x21d ./Core/Src/fatfs_sd.o
 .debug_macro   0x000000000000021d      0xa78 ./Core/Src/fatfs_sd.o
 .debug_macro   0x0000000000000c95      0x157 ./Core/Src/fatfs_sd.o
 .debug_macro   0x0000000000000dec       0x2e ./Core/Src/fatfs_sd.o
 .debug_macro   0x0000000000000e1a       0x28 ./Core/Src/fatfs_sd.o
 .debug_macro   0x0000000000000e42       0x22 ./Core/Src/fatfs_sd.o
 .debug_macro   0x0000000000000e64       0x8e ./Core/Src/fatfs_sd.o
 .debug_macro   0x0000000000000ef2       0x51 ./Core/Src/fatfs_sd.o
 .debug_macro   0x0000000000000f43      0x103 ./Core/Src/fatfs_sd.o
 .debug_macro   0x0000000000001046       0x6a ./Core/Src/fatfs_sd.o
 .debug_macro   0x00000000000010b0      0x1df ./Core/Src/fatfs_sd.o
 .debug_macro   0x000000000000128f       0x1c ./Core/Src/fatfs_sd.o
 .debug_macro   0x00000000000012ab       0x22 ./Core/Src/fatfs_sd.o
 .debug_macro   0x00000000000012cd       0xd9 ./Core/Src/fatfs_sd.o
 .debug_macro   0x00000000000013a6     0x102d ./Core/Src/fatfs_sd.o
 .debug_macro   0x00000000000023d3      0x11f ./Core/Src/fatfs_sd.o
 .debug_macro   0x00000000000024f2    0x12a3a ./Core/Src/fatfs_sd.o
 .debug_macro   0x0000000000014f2c       0x6d ./Core/Src/fatfs_sd.o
 .debug_macro   0x0000000000014f99     0x3540 ./Core/Src/fatfs_sd.o
 .debug_macro   0x00000000000184d9      0x174 ./Core/Src/fatfs_sd.o
 .debug_macro   0x000000000001864d       0x55 ./Core/Src/fatfs_sd.o
 .debug_macro   0x00000000000186a2      0x962 ./Core/Src/fatfs_sd.o
 .debug_macro   0x0000000000019004      0x5fe ./Core/Src/fatfs_sd.o
 .debug_macro   0x0000000000019602      0x1b6 ./Core/Src/fatfs_sd.o
 .debug_macro   0x00000000000197b8      0x1fb ./Core/Src/fatfs_sd.o
 .debug_macro   0x00000000000199b3      0x1dc ./Core/Src/fatfs_sd.o
 .debug_macro   0x0000000000019b8f      0x1bc ./Core/Src/fatfs_sd.o
 .debug_macro   0x0000000000019d4b       0x30 ./Core/Src/fatfs_sd.o
 .debug_macro   0x0000000000019d7b       0x3c ./Core/Src/fatfs_sd.o
 .debug_macro   0x0000000000019db7      0x236 ./Core/Src/fatfs_sd.o
 .debug_macro   0x0000000000019fed       0xc5 ./Core/Src/fatfs_sd.o
 .debug_macro   0x000000000001a0b2      0x21d ./Core/Src/fatfs_sd.o
 .debug_macro   0x000000000001a2cf      0x22c ./Core/Src/fatfs_sd.o
 .debug_macro   0x000000000001a4fb       0x5b ./Core/Src/fatfs_sd.o
 .debug_macro   0x000000000001a556       0xa5 ./Core/Src/fatfs_sd.o
 .debug_macro   0x000000000001a5fb       0x81 ./Core/Src/fatfs_sd.o
 .debug_macro   0x000000000001a67c       0xd3 ./Core/Src/fatfs_sd.o
 .debug_macro   0x000000000001a74f      0x2fe ./Core/Src/fatfs_sd.o
 .debug_macro   0x000000000001aa4d      0x5a5 ./Core/Src/fatfs_sd.o
 .debug_macro   0x000000000001aff2       0x3e ./Core/Src/fatfs_sd.o
 .debug_macro   0x000000000001b030      0x275 ./Core/Src/fatfs_sd.o
 .debug_macro   0x000000000001b2a5       0x16 ./Core/Src/fatfs_sd.o
 .debug_macro   0x000000000001b2bb       0x7c ./Core/Src/fatfs_sd.o
 .debug_macro   0x000000000001b337       0x88 ./Core/Src/fatfs_sd.o
 .debug_macro   0x000000000001b3bf      0x242 ./Core/Src/main.o
 .debug_macro   0x000000000001b601      0xb50 ./Core/Src/main.o
 .debug_macro   0x000000000001c151       0x1c ./Core/Src/main.o
 .debug_macro   0x000000000001c16d     0x102d ./Core/Src/main.o
 .debug_macro   0x000000000001d19a      0x17b ./Core/Src/main.o
 .debug_macro   0x000000000001d315       0x64 ./Core/Src/main.o
 .debug_macro   0x000000000001d379       0xde ./Core/Src/main.o
 .debug_macro   0x000000000001d457       0xf5 ./Core/Src/main.o
 .debug_macro   0x000000000001d54c       0x8e ./Core/Src/main.o
 .debug_macro   0x000000000001d5da      0x1e7 ./Core/Src/stm32f3xx_hal_msp.o
 .debug_macro   0x000000000001d7c1      0x1f1 ./Core/Src/stm32f3xx_it.o
 .debug_macro   0x000000000001d9b2      0x1d8 ./Core/Src/system_stm32f3xx.o
 .debug_macro   0x000000000001db8a      0x1fc ./Drivers/STM32F3xx_HAL_Driver/Src/stm32f3xx_hal.o
 .debug_macro   0x000000000001dd86      0x1d8 ./Drivers/STM32F3xx_HAL_Driver/Src/stm32f3xx_hal_cortex.o
 .debug_macro   0x000000000001df5e      0x1df ./Drivers/STM32F3xx_HAL_Driver/Src/stm32f3xx_hal_gpio.o
 .debug_macro   0x000000000001e13d      0x1fc ./Drivers/STM32F3xx_HAL_Driver/Src/stm32f3xx_hal_rcc.o
 .debug_macro   0x000000000001e339      0x1d8 ./Drivers/STM32F3xx_HAL_Driver/Src/stm32f3xx_hal_rcc_ex.o
 .debug_macro   0x000000000001e511      0x1e0 ./Drivers/STM32F3xx_HAL_Driver/Src/stm32f3xx_hal_spi.o
 .debug_macro   0x000000000001e6f1      0x1f5 ./Drivers/STM32F3xx_HAL_Driver/Src/stm32f3xx_hal_uart.o
 .debug_macro   0x000000000001e8e6      0x23a ./FATFS/App/fatfs.o
 .debug_macro   0x000000000001eb20       0xd8 ./FATFS/App/fatfs.o
 .debug_macro   0x000000000001ebf8      0x2f8 ./FATFS/Target/user_diskio.o
 .debug_macro   0x000000000001eef0       0x10 ./FATFS/Target/user_diskio.o
 .debug_macro   0x000000000001ef00       0x20 ./FATFS/Target/user_diskio.o
 .debug_macro   0x000000000001ef20       0x4f ./FATFS/Target/user_diskio.o
 .debug_macro   0x000000000001ef6f      0x227 ./Middlewares/Third_Party/FatFs/src/diskio.o
 .debug_macro   0x000000000001f196      0x46e ./Middlewares/Third_Party/FatFs/src/ff.o
 .debug_macro   0x000000000001f604       0x58 ./Middlewares/Third_Party/FatFs/src/ff.o
 .debug_macro   0x000000000001f65c      0x227 ./Middlewares/Third_Party/FatFs/src/ff_gen_drv.o

.debug_line     0x0000000000000000    0x11609
 .debug_line    0x0000000000000000      0xdd8 ./Core/Src/fatfs_sd.o
 .debug_line    0x0000000000000dd8      0x957 ./Core/Src/main.o
 .debug_line    0x000000000000172f      0x75c ./Core/Src/stm32f3xx_hal_msp.o
 .debug_line    0x0000000000001e8b      0x7ba ./Core/Src/stm32f3xx_it.o
 .debug_line    0x0000000000002645      0x739 ./Core/Src/system_stm32f3xx.o
 .debug_line    0x0000000000002d7e       0x88 ./Core/Startup/startup_stm32f303vctx.o
 .debug_line    0x0000000000002e06      0x96e ./Drivers/STM32F3xx_HAL_Driver/Src/stm32f3xx_hal.o
 .debug_line    0x0000000000003774      0xc33 ./Drivers/STM32F3xx_HAL_Driver/Src/stm32f3xx_hal_cortex.o
 .debug_line    0x00000000000043a7      0xacf ./Drivers/STM32F3xx_HAL_Driver/Src/stm32f3xx_hal_gpio.o
 .debug_line    0x0000000000004e76     0x134b ./Drivers/STM32F3xx_HAL_Driver/Src/stm32f3xx_hal_rcc.o
 .debug_line    0x00000000000061c1      0xcd8 ./Drivers/STM32F3xx_HAL_Driver/Src/stm32f3xx_hal_rcc_ex.o
 .debug_line    0x0000000000006e99     0x1f2b ./Drivers/STM32F3xx_HAL_Driver/Src/stm32f3xx_hal_spi.o
 .debug_line    0x0000000000008dc4     0x30d7 ./Drivers/STM32F3xx_HAL_Driver/Src/stm32f3xx_hal_uart.o
 .debug_line    0x000000000000be9b      0x75e ./FATFS/App/fatfs.o
 .debug_line    0x000000000000c5f9      0x8e4 ./FATFS/Target/user_diskio.o
 .debug_line    0x000000000000cedd      0x7ce ./Middlewares/Third_Party/FatFs/src/diskio.o
 .debug_line    0x000000000000d6ab     0x3773 ./Middlewares/Third_Party/FatFs/src/ff.o
 .debug_line    0x0000000000010e1e      0x7eb ./Middlewares/Third_Party/FatFs/src/ff_gen_drv.o

.debug_str      0x0000000000000000    0xb0516
 .debug_str     0x0000000000000000    0xa9257 ./Core/Src/fatfs_sd.o
                                      0xa9a38 (size before relaxing)
 .debug_str     0x00000000000a9257     0x16ff ./Core/Src/main.o
                                      0xaae65 (size before relaxing)
 .debug_str     0x00000000000aa956       0x8d ./Core/Src/stm32f3xx_hal_msp.o
                                      0xa9944 (size before relaxing)
 .debug_str     0x00000000000aa9e3       0xe2 ./Core/Src/stm32f3xx_it.o
                                      0xa933e (size before relaxing)
 .debug_str     0x00000000000aaac5       0xe9 ./Core/Src/system_stm32f3xx.o
                                      0xa91f2 (size before relaxing)
 .debug_str     0x00000000000aabae       0x36 ./Core/Startup/startup_stm32f303vctx.o
                                         0x75 (size before relaxing)
 .debug_str     0x00000000000aabe4      0x66c ./Drivers/STM32F3xx_HAL_Driver/Src/stm32f3xx_hal.o
                                      0xa9a30 (size before relaxing)
 .debug_str     0x00000000000ab250      0x36c ./Drivers/STM32F3xx_HAL_Driver/Src/stm32f3xx_hal_cortex.o
                                      0xa9a82 (size before relaxing)
 .debug_str     0x00000000000ab5bc      0x118 ./Drivers/STM32F3xx_HAL_Driver/Src/stm32f3xx_hal_gpio.o
                                      0xa935f (size before relaxing)
 .debug_str     0x00000000000ab6d4      0x2c6 ./Drivers/STM32F3xx_HAL_Driver/Src/stm32f3xx_hal_rcc.o
                                      0xa9692 (size before relaxing)
 .debug_str     0x00000000000ab99a       0xbe ./Drivers/STM32F3xx_HAL_Driver/Src/stm32f3xx_hal_rcc_ex.o
                                      0xa9456 (size before relaxing)
 .debug_str     0x00000000000aba58      0x58f ./Drivers/STM32F3xx_HAL_Driver/Src/stm32f3xx_hal_spi.o
                                      0xa9b18 (size before relaxing)
 .debug_str     0x00000000000abfe7      0x863 ./Drivers/STM32F3xx_HAL_Driver/Src/stm32f3xx_hal_uart.o
                                      0xa9eed (size before relaxing)
 .debug_str     0x00000000000ac84a       0x9f ./FATFS/App/fatfs.o
                                      0xa9b9a (size before relaxing)
 .debug_str     0x00000000000ac8e9     0x2e81 ./FATFS/Target/user_diskio.o
                                      0xaca73 (size before relaxing)
 .debug_str     0x00000000000af76a       0x52 ./Middlewares/Third_Party/FatFs/src/diskio.o
                                      0xa9ac0 (size before relaxing)
 .debug_str     0x00000000000af7bc      0xcc9 ./Middlewares/Third_Party/FatFs/src/ff.o
                                      0xaa97e (size before relaxing)
 .debug_str     0x00000000000b0485       0x91 ./Middlewares/Third_Party/FatFs/src/ff_gen_drv.o
                                      0xa9b11 (size before relaxing)

.comment        0x0000000000000000       0x50
 .comment       0x0000000000000000       0x50 ./Core/Src/fatfs_sd.o
                                         0x51 (size before relaxing)
 .comment       0x0000000000000050       0x51 ./Core/Src/main.o
 .comment       0x0000000000000050       0x51 ./Core/Src/stm32f3xx_hal_msp.o
 .comment       0x0000000000000050       0x51 ./Core/Src/stm32f3xx_it.o
 .comment       0x0000000000000050       0x51 ./Core/Src/system_stm32f3xx.o
 .comment       0x0000000000000050       0x51 ./Drivers/STM32F3xx_HAL_Driver/Src/stm32f3xx_hal.o
 .comment       0x0000000000000050       0x51 ./Drivers/STM32F3xx_HAL_Driver/Src/stm32f3xx_hal_cortex.o
 .comment       0x0000000000000050       0x51 ./Drivers/STM32F3xx_HAL_Driver/Src/stm32f3xx_hal_gpio.o
 .comment       0x0000000000000050       0x51 ./Drivers/STM32F3xx_HAL_Driver/Src/stm32f3xx_hal_rcc.o
 .comment       0x0000000000000050       0x51 ./Drivers/STM32F3xx_HAL_Driver/Src/stm32f3xx_hal_rcc_ex.o
 .comment       0x0000000000000050       0x51 ./Drivers/STM32F3xx_HAL_Driver/Src/stm32f3xx_hal_spi.o
 .comment       0x0000000000000050       0x51 ./Drivers/STM32F3xx_HAL_Driver/Src/stm32f3xx_hal_uart.o
 .comment       0x0000000000000050       0x51 ./FATFS/App/fatfs.o
 .comment       0x0000000000000050       0x51 ./FATFS/Target/user_diskio.o
 .comment       0x0000000000000050       0x51 ./Middlewares/Third_Party/FatFs/src/diskio.o
 .comment       0x0000000000000050       0x51 ./Middlewares/Third_Party/FatFs/src/ff.o
 .comment       0x0000000000000050       0x51 ./Middlewares/Third_Party/FatFs/src/ff_gen_drv.o

.debug_frame    0x0000000000000000     0x3084
 .debug_frame   0x0000000000000000      0x28c ./Core/Src/fatfs_sd.o
 .debug_frame   0x000000000000028c       0xd0 ./Core/Src/main.o
 .debug_frame   0x000000000000035c       0xc8 ./Core/Src/stm32f3xx_hal_msp.o
 .debug_frame   0x0000000000000424      0x124 ./Core/Src/stm32f3xx_it.o
 .debug_frame   0x0000000000000548       0x58 ./Core/Src/system_stm32f3xx.o
 .debug_frame   0x00000000000005a0      0x334 ./Drivers/STM32F3xx_HAL_Driver/Src/stm32f3xx_hal.o
 .debug_frame   0x00000000000008d4      0x498 ./Drivers/STM32F3xx_HAL_Driver/Src/stm32f3xx_hal_cortex.o
 .debug_frame   0x0000000000000d6c      0x14c ./Drivers/STM32F3xx_HAL_Driver/Src/stm32f3xx_hal_gpio.o
 .debug_frame   0x0000000000000eb8      0x214 ./Drivers/STM32F3xx_HAL_Driver/Src/stm32f3xx_hal_rcc.o
 .debug_frame   0x00000000000010cc       0xb4 ./Drivers/STM32F3xx_HAL_Driver/Src/stm32f3xx_hal_rcc_ex.o
 .debug_frame   0x0000000000001180      0x860 ./Drivers/STM32F3xx_HAL_Driver/Src/stm32f3xx_hal_spi.o
 .debug_frame   0x00000000000019e0      0x9e8 ./Drivers/STM32F3xx_HAL_Driver/Src/stm32f3xx_hal_uart.o
 .debug_frame   0x00000000000023c8       0x4c ./FATFS/App/fatfs.o
 .debug_frame   0x0000000000002414       0xc4 ./FATFS/Target/user_diskio.o
 .debug_frame   0x00000000000024d8       0xec ./Middlewares/Third_Party/FatFs/src/diskio.o
 .debug_frame   0x00000000000025c4      0x9ac ./Middlewares/Third_Party/FatFs/src/ff.o
 .debug_frame   0x0000000000002f70       0xc8 ./Middlewares/Third_Party/FatFs/src/ff_gen_drv.o
 .debug_frame   0x0000000000003038       0x2c /opt/st/stm32cubeide_1.10.1/plugins/com.st.stm32cube.ide.mcu.externaltools.gnu-tools-for-stm32.10.3-2021.10.linux64_1.0.0.202111181127/tools/bin/../lib/gcc/arm-none-eabi/10.3.1/../../../../arm-none-eabi/lib/thumb/v7e-m+fp/hard/libc_nano.a(lib_a-init.o)
 .debug_frame   0x0000000000003064       0x20 /opt/st/stm32cubeide_1.10.1/plugins/com.st.stm32cube.ide.mcu.externaltools.gnu-tools-for-stm32.10.3-2021.10.linux64_1.0.0.202111181127/tools/bin/../lib/gcc/arm-none-eabi/10.3.1/../../../../arm-none-eabi/lib/thumb/v7e-m+fp/hard/libc_nano.a(lib_a-memset.o)
